// Jest Snapshot v1, https://goo.gl/fbAQLP

exports[`Pruebas con <GifGrip /> Debe mostrar el componente correctamente 1`] = `
<Fragment>
  <h3
    className="animate__animated animate__bounce"
  >
    One Punch
  </h3>
  <p
    className="animate__animated animate__flash"
  >
    cargando
  </p>
  <div
    className="card-grid"
  />
</Fragment>
`;
